exports[`DataEntry should render 1`] = `
<div
  className="data-entry">
  <div>
    <span>
      <label>
        Project Name
      </label>
      <input
        autoFocus={undefined}
        name="name"
        onChange={[Function]}
        onKeyPress={undefined}
        type="text"
        value="My Project" />
    </span>
    <span>
      <label>
        Project Description
      </label>
      <input
        autoFocus={undefined}
        name="description"
        onChange={[Function]}
        onKeyPress={[Function]}
        type="text"
        value={undefined} />
    </span>
    <button
      className="add-btn"
      onClick={[Function]}>
      Add
    </button>
  </div>
  <a
    href="#display">
    Show Projects
  </a>
</div>
`;
