exports[`Select should render 1`] = `
<select
  className="select"
  disabled={false}
  multiple={false}
  onChange={[Function]}
  size={5}
  value="hello">
  <option
    value="a">
    A
  </option>
  <option
    value="b">
    B
  </option>
  <option
    value="c">
    C
  </option>
</select>
`;
