exports[`DateRange should render 1`] = `"Start<DatePicker />End<DatePicker />"`;
