exports[`Disclosure should render 1`] = `
<div
  className="disclosure"
  style={Object {}}>
  <div>
    <button
      className="toggleAll btn btn-default"
      disabled={false}
      onClick={[Function]}
      type="button">
      Expand All
    </button>
  </div>
  <div>
    <span
      className="disclosure-triangle glyphicon glyphicon-triangle-right"
      onClick={[Function]} />
    Controlled Environments
  </div>
</div>
`;
